../Core/Src/main.c:98:5:main	152	static
../Core/Src/main.c:308:6:SystemClock_Config	96	static
../Core/Src/main.c:369:13:MX_ADC1_Init	32	static
../Core/Src/main.c:481:13:MX_TIM1_Init	96	static
../Core/Src/main.c:563:13:MX_TIM2_Init	56	static
../Core/Src/main.c:612:13:MX_TIM16_Init	8	static
../Core/Src/main.c:642:13:MX_DMA_Init	16	static
../Core/Src/main.c:660:13:MX_GPIO_Init	40	static
../Core/Src/main.c:689:6:set_output_a	16	static
../Core/Src/main.c:704:6:set_output_b	16	static
../Core/Src/main.c:720:6:HAL_TIM_PeriodElapsedCallback	16	static
../Core/Src/main.c:733:6:Error_Handler	4	static,ignoring_inline_asm
